Script started on 2023-11-30 15:00:40+09:00 [TERM="xterm-256color" TTY="/dev/pts/4" COLUMNS="97" LINES="57"]
[?2004h]0;hakuto@23X83026: /mnt/c/_OD/OneDrive - Hakuto Co.,Ltd/share2/_hakuto/BIäº‹æ¥­éƒ¨/è¦ç´ é–‹ç™º/_debug/20231130r02_aws_iot-general-system/amplifyapp[01;32mhakuto@23X83026[00m:[01;34m/mnt/c/_OD/OneDrive - Hakuto Co.,Ltd/share2/_hakuto/BIäº‹æ¥­éƒ¨/è¦ç´ é–‹ç™º/_debug/2023
1130r02_aws_iot-general-system/amplifyapp[00m$ git init
[?2004l[33mhint: Using 'master' as the name for the initial branch. This default branch name[m
[33mhint: is subject to change. To configure the initial branch name to use in all[m
[33mhint: of your new repositories, which will suppress this warning, call:[m
[33mhint: [m
[33mhint: 	git config --global init.defaultBranch <name>[m
[33mhint: [m
[33mhint: Names commonly chosen instead of 'master' are 'main', 'trunk' and[m
[33mhint: 'development'. The just-created branch can be renamed via this command:[m
[33mhint: [m
[33mhint: 	git branch -m <name>[m
Initialized empty Git repository in /mnt/c/_OD/OneDrive - Hakuto Co.,Ltd/share2/_hakuto/BIäº‹æ¥­éƒ¨/è¦ç´ é–‹ç™º/_debug/20231130r02_aws_iot-general-system/amplifyapp/.git/
[?2004h]0;hakuto@23X83026: /mnt/c/_OD/OneDrive - Hakuto Co.,Ltd/share2/_hakuto/BIäº‹æ¥­éƒ¨/è¦ç´ é–‹ç™º/_debug/20231130r02_aws_iot-general-system/amplifyapp[01;32mhakuto@23X83026[00m:[01;34m/mnt/c/_OD/OneDrive - Hakuto Co.,Ltd/share2/_hakuto/BIäº‹æ¥­éƒ¨/è¦ç´ é–‹ç™º/_debug/2023
1130r02_aws_iot-general-system/amplifyapp[00m$ ls
[?2004l[0m[01;32mREADME.md[0m     [01;32mpackage-lock.json[0m  [34;42mpublic[0m  [01;32mwsl2-ubuntu22-04-2-lts-003b.log[0m
[34;42mnode_modules[0m  [01;32mpackage.json[0m       [34;42msrc[0m
[?2004h]0;hakuto@23X83026: /mnt/c/_OD/OneDrive - Hakuto Co.,Ltd/share2/_hakuto/BIäº‹æ¥­éƒ¨/è¦ç´ é–‹ç™º/_debug/20231130r02_aws_iot-general-system/amplifyapp[01;32mhakuto@23X83026[00m:[01;34m/mnt/c/_OD/OneDrive - Hakuto Co.,Ltd/share2/_hakuto/BIäº‹æ¥­éƒ¨/è¦ç´ é–‹ç™º/_debug/2023
1130r02_aws_iot-general-system/amplifyapp[00m$ ls -a
[?2004l[0m[34;42m.[0m   [34;42m.git[0m        [01;32mREADME.md[0m     [01;32mpackage-lock.json[0m  [34;42mpublic[0m  [01;32mwsl2-ubuntu22-04-2-lts-003b.log[0m
[34;42m..[0m  [01;32m.gitignore[0m  [34;42mnode_modules[0m  [01;32mpackage.json[0m       [34;42msrc[0m
[?2004h]0;hakuto@23X83026: /mnt/c/_OD/OneDrive - Hakuto Co.,Ltd/share2/_hakuto/BIäº‹æ¥­éƒ¨/è¦ç´ é–‹ç™º/_debug/20231130r02_aws_iot-general-system/amplifyapp[01;32mhakuto@23X83026[00m:[01;34m/mnt/c/_OD/OneDrive - Hakuto Co.,Ltd/share2/_hakuto/BIäº‹æ¥­éƒ¨/è¦ç´ é–‹ç™º/_debug/2023
1130r02_aws_iot-general-system/amplifyapp[00m$ git add .
[?2004l[?2004h]0;hakuto@23X83026: /mnt/c/_OD/OneDrive - Hakuto Co.,Ltd/share2/_hakuto/BIäº‹æ¥­éƒ¨/è¦ç´ é–‹ç™º/_debug/20231130r02_aws_iot-general-system/amplifyapp[01;32mhakuto@23X83026[00m:[01;34m/mnt/c/_OD/OneDrive - Hakuto Co.,Ltd/share2/_hakuto/BIäº‹æ¥­éƒ¨/è¦ç´ é–‹ç™º/_debug/2023
1130r02_aws_iot-general-system/amplifyapp[00m$ [7mgit commit -m "initial commit"[27mgit commit -m "initial commit"
[?2004lAuthor identity unknown

*** Please tell me who you are.

Run

  git config --global user.email "you@example.com"
  git config --global user.name "Your Name"

to set your account's default identity.
Omit --global to set the identity only in this repository.

fatal: empty ident name (for <hakuto@23X83026.ADHAKUTO.local>) not allowed
[?2004h]0;hakuto@23X83026: /mnt/c/_OD/OneDrive - Hakuto Co.,Ltd/share2/_hakuto/BIäº‹æ¥­éƒ¨/è¦ç´ é–‹ç™º/_debug/20231130r02_aws_iot-general-system/amplifyapp[01;32mhakuto@23X83026[00m:[01;34m/mnt/c/_OD/OneDrive - Hakuto Co.,Ltd/share2/_hakuto/BIäº‹æ¥­éƒ¨/è¦ç´ é–‹ç™º/_debug/2023
1130r02_aws_iot-general-system/amplifyapp[00m$ [7mgit remote add origin git@github.com:Hakuto09/amplify-[27m
[7mreact-graphql.git[27m[A[C[C[C[C[C[C[C[C[C[C[C[C[C[C[C[C[C[C[C[C[C[C[C[C[C[Cgit remote add origin git@github.com:Hakuto09/amplify-react-graphql.git
[?2004l[?2004h]0;hakuto@23X83026: /mnt/c/_OD/OneDrive - Hakuto Co.,Ltd/share2/_hakuto/BIäº‹æ¥­éƒ¨/è¦ç´ é–‹ç™º/_debug/20231130r02_aws_iot-general-system/amplifyapp[01;32mhakuto@23X83026[00m:[01;34m/mnt/c/_OD/OneDrive - Hakuto Co.,Ltd/share2/_hakuto/BIäº‹æ¥­éƒ¨/è¦ç´ é–‹ç™º/_debug/2023
1130r02_aws_iot-general-system/amplifyapp[00m$ [7mgit branch -M mai[27mgit branch -M mai
[?2004l[?2004h]0;hakuto@23X83026: /mnt/c/_OD/OneDrive - Hakuto Co.,Ltd/share2/_hakuto/BIäº‹æ¥­éƒ¨/è¦ç´ é–‹ç™º/_debug/20231130r02_aws_iot-general-system/amplifyapp[01;32mhakuto@23X83026[00m:[01;34m/mnt/c/_OD/OneDrive - Hakuto Co.,Ltd/share2/_hakuto/BIäº‹æ¥­éƒ¨/è¦ç´ é–‹ç™º/_debug/2023
1130r02_aws_iot-general-system/amplifyapp[00m$ [7mgit push -u origin main[27mgit push -u origin main
[?2004lerror: src refspec main does not match any
[31merror: failed to push some refs to 'github.com:Hakuto09/amplify-react-graphql.git'
[m[?2004h]0;hakuto@23X83026: /mnt/c/_OD/OneDrive - Hakuto Co.,Ltd/share2/_hakuto/BIäº‹æ¥­éƒ¨/è¦ç´ é–‹ç™º/_debug/20231130r02_aws_iot-general-system/amplifyapp[01;32mhakuto@23X83026[00m:[01;34m/mnt/c/_OD/OneDrive - Hakuto Co.,Ltd/share2/_hakuto/BIäº‹æ¥­éƒ¨/è¦ç´ é–‹ç™º/_debug/2023
1130r02_aws_iot-general-system/amplifyapp[00m$ [7mgit branch -M main[27mgit branch -M main
[?2004l[?2004h]0;hakuto@23X83026: /mnt/c/_OD/OneDrive - Hakuto Co.,Ltd/share2/_hakuto/BIäº‹æ¥­éƒ¨/è¦ç´ é–‹ç™º/_debug/20231130r02_aws_iot-general-system/amplifyapp[01;32mhakuto@23X83026[00m:[01;34m/mnt/c/_OD/OneDrive - Hakuto Co.,Ltd/share2/_hakuto/BIäº‹æ¥­éƒ¨/è¦ç´ é–‹ç™º/_debug/2023
1130r02_aws_iot-general-system/amplifyapp[00m$ git branch -M main[5@push -u origin[C[C[C[C[C
[?2004lerror: src refspec main does not match any
[31merror: failed to push some refs to 'github.com:Hakuto09/amplify-react-graphql.git'
[m[?2004h]0;hakuto@23X83026: /mnt/c/_OD/OneDrive - Hakuto Co.,Ltd/share2/_hakuto/BIäº‹æ¥­éƒ¨/è¦ç´ é–‹ç™º/_debug/20231130r02_aws_iot-general-system/amplifyapp[01;32mhakuto@23X83026[00m:[01;34m/mnt/c/_OD/OneDrive - Hakuto Co.,Ltd/share2/_hakuto/BIäº‹æ¥­éƒ¨/è¦ç´ é–‹ç™º/_debug/2023
1130r02_aws_iot-general-system/amplifyapp[00m$ git push -u origin main
[?2004lerror: src refspec main does not match any
[31merror: failed to push some refs to 'github.com:Hakuto09/amplify-react-graphql.git'
[m[?2004h]0;hakuto@23X83026: /mnt/c/_OD/OneDrive - Hakuto Co.,Ltd/share2/_hakuto/BIäº‹æ¥­éƒ¨/è¦ç´ é–‹ç™º/_debug/20231130r02_aws_iot-general-system/amplifyapp[01;32mhakuto@23X83026[00m:[01;34m/mnt/c/_OD/OneDrive - Hakuto Co.,Ltd/share2/_hakuto/BIäº‹æ¥­éƒ¨/è¦ç´ é–‹ç™º/_debug/2023
1130r02_aws_iot-general-system/amplifyapp[00m$ git push -u origin main[5Pbranch -M[C[C[C[C[C
[?2004l[?2004h]0;hakuto@23X83026: /mnt/c/_OD/OneDrive - Hakuto Co.,Ltd/share2/_hakuto/BIäº‹æ¥­éƒ¨/è¦ç´ é–‹ç™º/_debug/20231130r02_aws_iot-general-system/amplifyapp[01;32mhakuto@23X83026[00m:[01;34m/mnt/c/_OD/OneDrive - Hakuto Co.,Ltd/share2/_hakuto/BIäº‹æ¥­éƒ¨/è¦ç´ é–‹ç™º/_debug/2023
1130r02_aws_iot-general-system/amplifyapp[00m$ git branch -M main[5@push -u origin[C[C[C[C[C
[?2004lerror: src refspec main does not match any
[31merror: failed to push some refs to 'github.com:Hakuto09/amplify-react-graphql.git'
[m[?2004h]0;hakuto@23X83026: /mnt/c/_OD/OneDrive - Hakuto Co.,Ltd/share2/_hakuto/BIäº‹æ¥­éƒ¨/è¦ç´ é–‹ç™º/_debug/20231130r02_aws_iot-general-system/amplifyapp[01;32mhakuto@23X83026[00m:[01;34m/mnt/c/_OD/OneDrive - Hakuto Co.,Ltd/share2/_hakuto/BIäº‹æ¥­éƒ¨/è¦ç´ é–‹ç™º/_debug/2023
1130r02_aws_iot-general-system/amplifyapp[00m$ git status
[?2004lOn branch main

No commits yet

Changes to be committed:
  (use "git rm --cached <file>..." to unstage)
	[32mnew file:   .gitignore[m
	[32mnew file:   README.md[m
	[32mnew file:   package-lock.json[m
	[32mnew file:   package.json[m
	[32mnew file:   public/favicon.ico[m
	[32mnew file:   public/ind